=foo.a
foo.a
=foo.a
foo.a
=foo.a
foo.a
40
=foo.a
foo.a
=foo.a
foo.a
60
foo.a
40