20
Nil
>30
>20
>10
?
?
>30
?
>20
10
>30
9
?
>40
>40
>30
Nil
Nil
Nil
30
Nil